// Jest Snapshot v1, https://goo.gl/fbAQLP

exports[`commit render commits diff for each category 1`] = `
"- Uncategorized commit - [62ec8ea7](https://commiturl)([@darioblanco](https://authorurl))

**:zap: Features**
- Super feature - [62ec8ea7](https://commiturl)([@darioblanco](https://authorurl))

**:wrench: Fixes**
- My fix - [62ec8ea7](https://commiturl)([@darioblanco](https://authorurl))

**:runner: Performance**
- Set additional performance steps - [62ec8ea7](https://commiturl)([@darioblanco](https://authorurl))

**:books: Documentation**
- Document everything - [62ec8ea7](https://commiturl)([@darioblanco](https://authorurl))

**:nail_care: Style**
- Awesome style - [62ec8ea7](https://commiturl)([@darioblanco](https://authorurl))

**:mountain: Refactors**
- One does not simply refactor - [62ec8ea7](https://commiturl)([@darioblanco](https://authorurl))

**:traffic_light: Tests**
- Tests are good - [62ec8ea7](https://commiturl)([@darioblanco](https://authorurl))

**:construction: Maintenance**
- Somebody has to keep things going - [62ec8ea7](https://commiturl)([@darioblanco](https://authorurl))

**:construction_worker: Build**
- Like chore but fancier - [62ec8ea7](https://commiturl)([@darioblanco](https://authorurl))

**:runner: CI**
- Ok this is a CI change - [62ec8ea7](https://commiturl)([@darioblanco](https://authorurl))"
`;

exports[`commit render commits diff for each category using the default author 1`] = `"- Commit message - [62ec8ea7](https://commiturl)([@minddocbot](https://github.com/minddocbot))"`;

exports[`commit render commits diff when scope is required 1`] = `
"**:books: Documentation**
- Document everything - [62ec8ea7](https://commiturl)([@darioblanco](https://authorurl))

**:mountain: Refactors**
- One does not simply refactor - [62ec8ea7](https://commiturl)([@darioblanco](https://authorurl))"
`;

exports[`commit render gh squashed commits with scope, PRs and tasks for http://my-task-url 1`] = `
"- Set values for staging and production - [62ec8ea7](https://commiturl)([@darioblanco](https://authorurl))

**:zap: Features**
- Main commit of my PR (#1716) - [62ec8ea7](https://commiturl)([@darioblanco](https://authorurl))
- Set login endpoint controller - [62ec8ea7](https://commiturl)([@darioblanco](https://authorurl))
- Set expiration of the cookie to the amount of time of the token - [62ec8ea7](https://commiturl)([@darioblanco](https://authorurl))

**:wrench: Fixes**
- [JIRA-123] set secure and http only options - [62ec8ea7](https://commiturl)([@darioblanco](https://authorurl))
- Remove joi validation since it does not accept localhost - [62ec8ea7](https://commiturl)([@darioblanco](https://authorurl))

**:runner: Performance**
- Add additional fake performance - [62ec8ea7](https://commiturl)([@darioblanco](https://authorurl))

**:traffic_light: Tests**
- [JIRA-123] add integration test for login endpoint #MAJOR - [62ec8ea7](https://commiturl)([@darioblanco](https://authorurl))"
`;

exports[`commit render gh squashed commits with scope, PRs and tasks for undefined 1`] = `
"- Set values for staging and production - [62ec8ea7](https://commiturl)([@darioblanco](https://authorurl))

**:zap: Features**
- Main commit of my PR (#1716) - [62ec8ea7](https://commiturl)([@darioblanco](https://authorurl))
- Set login endpoint controller - [62ec8ea7](https://commiturl)([@darioblanco](https://authorurl))
- Set expiration of the cookie to the amount of time of the token - [62ec8ea7](https://commiturl)([@darioblanco](https://authorurl))

**:wrench: Fixes**
- [JIRA-123] set secure and http only options - [62ec8ea7](https://commiturl)([@darioblanco](https://authorurl))
- Remove joi validation since it does not accept localhost - [62ec8ea7](https://commiturl)([@darioblanco](https://authorurl))

**:runner: Performance**
- Add additional fake performance - [62ec8ea7](https://commiturl)([@darioblanco](https://authorurl))

**:traffic_light: Tests**
- [JIRA-123] add integration test for login endpoint #MAJOR - [62ec8ea7](https://commiturl)([@darioblanco](https://authorurl))"
`;

exports[`commit render github squashed commits without scope, PRs and tasks 1`] = `
"- Title of my PR - [62ec8ea7](https://commiturl)([@darioblanco](https://authorurl))
- Set login endpoint controller - [62ec8ea7](https://commiturl)([@darioblanco](https://authorurl))
- Add integration test for login endpoint - [62ec8ea7](https://commiturl)([@darioblanco](https://authorurl))"
`;
